[www.malaysia.travel/explore/kellie-s-castle.html]
[backblue.gif]
[fade.gif]
[index.html]
[www.malaysia.travel/storage/3839/conversions/80c08cfa5a22e81bbbc0ace820c13a93-thumb.jpg]
[www.malaysia.travel/vendor/nouislider/nouislider.css]
[www.malaysia.travel/vendor/owl.carousel/assets/owl.carousel.css]
[cdnjs.cloudflare.com/ajax/libs/Swiper/4.4.1/css/swiper.min.css]
[www.malaysia.travel/vendor/magnific-popup/magnific-popup.css]
[www.malaysia.travel/css/app626a.css]
[www.malaysia.travel/css/customc095.css]
[cdnjs.cloudflare.com/ajax/libs/font-awesome/5.15.4/css/all.min.css]
[www.malaysia.travel/js/jquery.min.js]
[www.malaysia.travel/js/map-config.js]
[www.malaysia.travel/js/map-interact.js]
[www.malaysia.travel/js/pins-config.js]
[www.malaysia.travel/vendor/bootstrap-toc/bootstrap-toc.min.css]
[www.malaysia.travel/img/trulyasia-logo-black.png]
[www.malaysia.travel/explore/map.html]
[www.malaysia.travel/img/placer/icon-map.png]
[static.addtoany.com/menu/page.js]
[www.malaysia.travel/storage/photos/254/kelliecastle_hero.jpg]
[cdn.n1ed.com/widgets9aaf.js]
[www.malaysia.travel/storage/8541/conversions/58e5b75d7ede87b0ec194aa5ea70a94b-thumb.jpg]
[www.malaysia.travel/storage/7381/conversions/4af21f19234420c8fb9c3cfdc01fb085-thumb.jpg]
[www.malaysia.travel/storage/8535/conversions/6b7d55437f4a45f5e73a081bd036a98a-thumb.jpg]
[www.malaysia.travel/storage/7501/conversions/a273c2f32379d91b27e0a10a43d37396-thumb.jpg]
[www.malaysia.travel/storage/8538/conversions/05847466211c5079c973ad01b00031a7-thumb.jpg]
[www.malaysia.travel/storage/8426/conversions/7578fd8d20b073d14ff64ceba7fcca9c-thumb.jpg]
[www.malaysia.travel/img/live-chat.png]
[www.malaysia.travel/img/logo.png]
[www.malaysia.travel/explore/more-about-malaysia.html]
[www.malaysia.travel/explore/your-journey-to-outstanding-education.html]
[www.malaysia.travel/explore/your-go-to-healthcare-hub.html]
[www.malaysia.travel/explore/your-gateway-for-halal-travel.html]
[www.malaysia.travel/explore/your-ideal-digital-nomad-living-experience.html]
[www.malaysia.travel/img/x.png]
[www.malaysia.travel/img/footer/visit-kelantan2024.png]
[www.malaysia.travel/img/footer/visit-melaka2024.png]
[www.malaysia.travel/img/footer/visit-perak2024.png]
[www.malaysia.travel/img/footer/visit-perlis2024-2025.png]
[www.malaysia.travel/explore/GET]
[www.malaysia.travel/vendor/jquery/jquery.min.js]
[www.malaysia.travel/vendor/bootstrap/js/bootstrap.bundle.min.js]
[www.malaysia.travel/vendor/magnific-popup/jquery.magnific-popup.min.js]
[www.malaysia.travel/vendor/smooth-scroll/smooth-scroll.polyfills.min.js]
[www.malaysia.travel/vendor/bootstrap-select/js/bootstrap-select.min.js]
[www.malaysia.travel/vendor/object-fit-images/ofi.min.js]
[cdnjs.cloudflare.com/ajax/libs/Swiper/4.4.1/js/swiper.min.js]
[www.malaysia.travel/vendor/owl.carousel/owl.carousel.js]
[www.malaysia.travel/vendor/owl.carousel2.thumbs/owl.carousel2.thumbs.min.js]
[cdnjs.cloudflare.com/ajax/libs/jquery-validate/1.19.1/jquery.validate.min.js]
[cdnjs.cloudflare.com/ajax/libs/moment.js/2.22.2/moment.min.js]
[cdnjs.cloudflare.com/ajax/libs/jquery-date-range-picker/0.19.0/jquery.daterangepicker.min.js]
[www.malaysia.travel/js/datepicker-category.js]
[www.malaysia.travel/js/theme.js]
[www.malaysia.travel/vendor/bootstrap-toc/bootstrap-toc.min.js]
[www.malaysia.travel/explore/kellie-s-castle.html]
[www.googletagmanager.com/gtm5445.html]
[www.malaysia.travel/vendor/nouislider/nouislider.css]
[www.malaysia.travel/cdn-cgi/scripts/7d0fa10a/cloudflare-static/rocket-loader.min.js]
[www.malaysia.travel/vendor/owl.carousel/assets/owl.video.play.png]
[www.malaysia.travel/vendor/owl.carousel/assets/owl.carousel.css]
[cdnjs.cloudflare.com/ajax/libs/Swiper/4.4.1/css/swiper.min.css]
[www.malaysia.travel/vendor/magnific-popup/magnific-popup.css]
[www.malaysia.travel/css/app626a.css]
[www.malaysia.travel/css/customc095.css]
[cdnjs.cloudflare.com/ajax/libs/font-awesome/5.15.4/css/all.min.css]
[www.malaysia.travel/vendor/bootstrap-toc/bootstrap-toc.min.css]
[www.malaysia.travel/storage/uploads/trulyasia_og.png]
[www.malaysia.travel/css/map-stylec095.css]
[www.malaysia.travel/img/placer/sub-title-1.png]
[www.malaysia.travel/img/placer/map-bg1.png]
[www.malaysia.travel/img/placer/explore-cover.png]
[www.malaysia.travel/img/placer/chevron-left.png]
[www.malaysia.travel/explore/map.html]
[cdn.n1ed.com/widgets08a0.js]
[www.malaysia.travel/storage/5860/conversions/6574179d1a3e6a41cb63aa3d13a3d680-thumb.jpg]
[www.malaysia.travel/storage/7900/conversions/8eece0f7b0648a47aecc688ee20d909b-thumb.jpg]
[www.malaysia.travel/storage/8299/conversions/da7010eba18528cfebc2a121196a08e1-thumb.jpg]
[www.malaysia.travel/storage/8331/conversions/a82677be3f1e30f0fd3be5618c9231ef-thumb.jpg]
[www.malaysia.travel/storage/7408/conversions/cb0d28ac4dd3744da170b36ab6c26c63-thumb.jpg]
[www.malaysia.travel/storage/8984/conversions/d05d3133cf18b413e264d8d81e0e9ce4-thumb.jpg]
[www.malaysia.travel/storage/7807/conversions/e48045cea5f40510be097e4b8ad30aa9-thumb.jpg]
[www.malaysia.travel/storage/6359/conversions/8d193eebe00389d86dc364f28b4f037f-thumb.jpg]
[www.malaysia.travel/storage/7810/conversions/bd3896bb2f09756d6ab6fe031dde602f-thumb.jpg]
[www.malaysia.travel/storage/8234/conversions/4a47a0db6e60853dedfcfdf08a5ca249-thumb.jpg]
[www.malaysia.travel/storage/8391/conversions/514178e6b0b496836ce11dce18a8043d-thumb.jpg]
[www.malaysia.travel/storage/7885/conversions/f43c9742bd178c7ebc48dfb98d9f48fc-thumb.jpg]
[www.malaysia.travel/storage/6318/conversions/831d789f2e24894e94813b6723b7227f-thumb.jpg]
[www.malaysia.travel/storage/7704/conversions/613d581b3634305e223cfe62187647ef-thumb.jpg]
[www.malaysia.travel/storage/8987/conversions/9641d5c2339467fb35e228d044679640-thumb.jpg]
[www.malaysia.travel/storage/8579/conversions/12a1f4b2fb875fc214cc29c4742e154d-thumb.jpg]
[www.malaysia.travel/storage/7743/conversions/8052df0a227dcf020a7150cf3b97141a-thumb.jpg]
[www.malaysia.travel/storage/7814/conversions/1f778fcc51d2bdb81560b2b9ce4e1995-thumb.jpg]
[www.malaysia.travel/explore/more-about-malaysia.html]
[www.malaysia.travel/mt-flmngr/files/banner_education_4.jpg]
[www.malaysia.travel/storage/7365/conversions/870893606994cde99b4ae646b4caaa97-thumb.jpg]
[www.malaysia.travel/storage/7707/conversions/731a4929fda1fea5fc825b7a636178c6-thumb.jpg]
[www.malaysia.travel/storage/7792/conversions/f3ccdd27d2000e3f9255a7e3e2c48800-thumb.jpg]
[www.malaysia.travel/storage/7784/conversions/0ce5b784f03b599c3171121ff2a64a4b-thumb.jpg]
[www.malaysia.travel/storage/8281/conversions/4396cd156861455f6b80faf92f1d8df5-thumb.jpg]
[www.malaysia.travel/storage/8825/conversions/17496cd1585cc6e422c48c8a2cc10e29-thumb.jpg]
[www.malaysia.travel/storage/7023/conversions/8e43b11cb2db11aa45300eea771277b4-thumb.jpg]
[www.malaysia.travel/storage/8111/conversions/c9bd715d294965e24844e472af4b7c42-thumb.jpg]
[www.malaysia.travel/storage/7378/conversions/d17a6c0248a8a82c59de9e4d1a5c547f-thumb.jpg]
[www.malaysia.travel/storage/8285/conversions/4e8c48ed33938ac99d52b7ff3e4d1015-thumb.jpg]
[www.malaysia.travel/storage/5866/conversions/9da1f084589771fecc29e2ae41546d40-thumb.jpg]
[www.malaysia.travel/storage/8552/conversions/9abcbb786e0e96c8864a42621d4a4624-thumb.jpg]
[www.malaysia.travel/storage/8404/conversions/3cfdca139b9c4d67e4757b6d1228ac10-thumb.jpg]
[www.malaysia.travel/storage/7020/conversions/7094dc04e21eb1cb2e13fe4967216699-thumb.jpg]
[www.malaysia.travel/explore/your-journey-to-outstanding-education.html]
[www.malaysia.travel/storage/photos/articles/healthcare/banner_healthcare.png]
[www.malaysia.travel/storage/7385/conversions/2bab3fefae8ba21152aca7ffbc7dbfd6-thumb.jpg]
[www.malaysia.travel/storage/7017/conversions/9c8651157820d7a0f5e437510c6b8d49-thumb.jpg]
[www.malaysia.travel/storage/6776/conversions/fd94f9f457a05af9372ad223b80f78fd-thumb.jpg]
[www.malaysia.travel/storage/8388/conversions/3cfdca139b9c4d67e4757b6d1228ac10-thumb.jpg]
[www.malaysia.travel/storage/7924/conversions/8e34b0b8d947a0e6fdff141692fc6228-thumb.jpg]
[www.malaysia.travel/storage/8316/conversions/83b77398acd3371e92f51e6bc0cfe6f6-thumb.jpg]
[www.malaysia.travel/storage/7726/conversions/2cfb18a3bb8a74e242141922b1d0c2c8-thumb.jpg]
[www.malaysia.travel/storage/8532/conversions/9abcbb786e0e96c8864a42621d4a4624-thumb.jpg]
[www.malaysia.travel/storage/7713/conversions/0969300a3da4d7ec4005a16698fb3b3a-thumb.jpg]
[www.malaysia.travel/storage/8069/conversions/458ec1f5127069a879f1f11bba71e90e-thumb.jpg]
[www.malaysia.travel/storage/8072/conversions/1c2c2b6e358a3095001b21b6bfa09d38-thumb.jpg]
[www.malaysia.travel/storage/7368/conversions/e2c81b3bb36eea3b28c9844f22691f88-thumb.jpg]
[www.malaysia.travel/explore/your-go-to-healthcare-hub.html]
[www.malaysia.travel/mt-flmngr/files/panel_xx copy.png]
[www.malaysia.travel/mt-flmngr/files/Masjid-Tuanku-Mizan-Zainal-Abidin.jpg]
[www.malaysia.travel/storage/7011/conversions/84ac94ab43206a53b87e746c863510d3-thumb.jpg]
[www.malaysia.travel/storage/7931/conversions/6fb76cb7ccf193292d7d7290c109815e-thumb.jpg]
[www.malaysia.travel/storage/8594/conversions/486e0f86c06cbbfe7999fb0fa971040d-thumb.jpg]
[www.malaysia.travel/storage/7682/conversions/d786b794b237716a1c80999c8448815e-thumb.jpg]
[www.malaysia.travel/storage/8837/conversions/3a86f0fda1bdeb557c9a1e66db184cb9-thumb.jpg]
[www.malaysia.travel/storage/8830/conversions/3417c5fff2bd6783aad45830652b15ea-thumb.jpg]
[www.malaysia.travel/storage/7014/conversions/27713fde75423c23d4e6ea1729db9d33-thumb.jpg]
[www.malaysia.travel/storage/4733/conversions/e192011157171deead59b5c3d567d9b4-thumb.jpg]
[www.malaysia.travel/storage/8846/conversions/d609d05d9cadefaa6805a063042bf11c-thumb.jpg]
[www.malaysia.travel/storage/8894/conversions/eed9e17407b38d805c141cababdf74c6-thumb.jpg]
[www.malaysia.travel/storage/7868/conversions/54cc93efc637430489aa1aafb7742f9c-thumb.jpg]
[www.malaysia.travel/explore/your-gateway-for-halal-travel.html]
[www.malaysia.travel/storage/photos/articles/nomad/banner-nomad.png]
[www.malaysia.travel/storage/7460/conversions/cc968514627baeaa4b74dd021da14bd5-thumb.jpg]
[www.malaysia.travel/storage/8891/conversions/4caa008c96715284fd4f4bba662aaff1-thumb.jpg]
[www.malaysia.travel/storage/8348/conversions/a0c938774efac7b78598f07cde373a7f-thumb.jpg]
[www.malaysia.travel/storage/7394/conversions/ac3c97733de4ad71cb962bf31e55c83f-thumb.jpg]
[www.malaysia.travel/storage/7789/conversions/1e50949b0bceccad6dba54a725dd52ba-thumb.jpg]
[www.malaysia.travel/storage/7872/conversions/605271da6db564a2476af2037c3df8ec-thumb.jpg]
[www.malaysia.travel/storage/7412/conversions/67543fa5de0bef933caf0d14579dbe1b-thumb.jpg]
[www.malaysia.travel/storage/6362/conversions/020fc06ff2713fbea37fc1f41f926148-thumb.jpg]
[www.malaysia.travel/storage/8549/conversions/6db4adb53d9e12de048d04b3e97cef9c-thumb.jpg]
[www.malaysia.travel/storage/5907/conversions/f0df4e4e75bbac393ba7322c8564cf6c-thumb.jpg]
[www.malaysia.travel/explore/your-ideal-digital-nomad-living-experience.html]
[www.malaysia.travel/explore/GET.html]
[www.malaysia.travel/css/map-stylec095.css]
